42 true false true 1.5 world 0x0 [0/0]0x0 0x0 0x0 255
